tx_app.c:1639:13:OnP2PRxDone	8	static
tx_app.c:1657:13:OnP2PRxTimeout	8	static
tx_app.c:1665:13:OnP2PRxError	8	static
tx_app.c:1712:13:OnTxData	0	static
tx_app.c:1719:13:OnJoinRequest	0	static
tx_app.c:1578:6:ReadInput4	8	static
tx_app.c:1467:6:ReadInput1	8	static
tx_app.c:1648:13:OnP2PTxTimeout	8	static
tx_app.c:1673:13:OnRxData	16	static
tx_app.c:1726:13:OnMacProcessNotify	8	static
tx_app.c:1624:13:OnP2PTxDone	24	static
tx_app.c:1702:13:SendTxData	16	static
tx_app.c:234:6:FXOS8700CQStandby	48	static
tx_app.c:244:6:FXOS8700CQActive	48	static
tx_app.c:257:6:FXOS8700CQReset	48	static
tx_app.c:382:16:FXOS8700CQInitSleep.constprop	56	static
tx_app.c:296:9:FXOS8700CQCheckCommunication	32	static
tx_app.c:674:5:FXOS8700CQCalibrate	104	static
tx_app.c:925:6:EEPROM_Write	12	static
tx_app.c:1155:6:P2P_Radio_Init	72	static
tx_app.c:1181:6:LoRaWAN_Mode_Init	16	static
tx_app.c:1745:6:rx_bytes	64	static
tx_app.c:1200:10:fillBufferAutoTx	8	static
tx_app.c:1257:10:fillBufferManualTx	16	static
tx_app.c:1300:6:LED_TX	40	static
tx_app.c:1048:13:OnTxTimerLedEvent	16	static
tx_app.c:953:6:LED_Blink	16	static
tx_app.c:983:6:App_Send	80	static
tx_app.c:1121:13:OnBtnTimeoutTimer	16	static
tx_app.c:1340:5:getInterruptFlag	0	static
tx_app.c:1344:6:resetInterruptFlag	0	static
tx_app.c:1349:6:FXOS8700CQForceSleep	40	static
tx_app.c:1023:13:OnTimer	8	static
tx_app.c:1405:6:tratarInterrupcao	48	static
tx_app.c:1597:6:EXTI_Init	40	static,ignoring_inline_asm
tx_app.c:727:6:TxAppInit	104	static
