tx_app.c:1155:13:OnP2PRxDone	8	static
tx_app.c:1173:13:OnP2PRxTimeout	8	static
tx_app.c:1181:13:OnP2PRxError	8	static
tx_app.c:1249:13:OnTxData	0	static
tx_app.c:1256:13:OnJoinRequest	0	static
tx_app.c:1097:6:ReadInput4	8	static
tx_app.c:1075:6:ReadInput3	8	static
tx_app.c:1053:6:ReadInput2	8	static
tx_app.c:1031:6:ReadInput1	8	static
tx_app.c:1009:6:ReadInput0	8	static
tx_app.c:1164:13:OnP2PTxTimeout	8	static
tx_app.c:1189:13:OnRxData	16	static
tx_app.c:1263:13:OnMacProcessNotify	8	static
tx_app.c:1140:13:OnP2PTxDone	24	static
tx_app.c:1239:13:SendTxData	16	static
tx_app.c:330:9:squareRoot	16	static
tx_app.c:559:6:EEPROM_Write	12	static
tx_app.c:576:6:EEPROM_WriteInt16	8	static
tx_app.c:890:6:P2P_Radio_Init	72	static
tx_app.c:916:6:LoRaWAN_Mode_Init	16	static
tx_app.c:1282:6:rx_bytes	64	static
tx_app.c:934:10:fillBufferAutoTx	16	static
tx_app.c:961:10:fillBufferManualTx	8	static
tx_app.c:989:6:LED_TX	40	static
tx_app.c:755:13:OnTxTimerLedEvent	16	static
tx_app.c:605:6:LED_Blink	16	static
tx_app.c:638:6:App_Send	80	static
tx_app.c:677:13:OnTimer	64	static
tx_app.c:846:13:OnBtnTimeoutTimer	56	static
tx_app.c:1232:6:OnDelayResetCnt	8	static
tx_app.c:1113:6:EXTI_Init	56	static,ignoring_inline_asm
tx_app.c:351:6:TxAppInit	104	static
