tx_app.c:1089:13:OnP2PRxDone	8	static
tx_app.c:1107:13:OnP2PRxTimeout	8	static
tx_app.c:1115:13:OnP2PRxError	8	static
tx_app.c:1183:13:OnTxData	0	static
tx_app.c:1190:13:OnJoinRequest	0	static
tx_app.c:1031:6:ReadInput4	8	static
tx_app.c:1009:6:ReadInput3	8	static
tx_app.c:987:6:ReadInput2	8	static
tx_app.c:965:6:ReadInput1	8	static
tx_app.c:943:6:ReadInput0	8	static
tx_app.c:1098:13:OnP2PTxTimeout	8	static
tx_app.c:1123:13:OnRxData	32	static
tx_app.c:1197:13:OnMacProcessNotify	8	static
tx_app.c:1074:13:OnP2PTxDone	24	static
tx_app.c:1173:13:SendTxData	16	static
tx_app.c:328:9:squareRoot	16	static
tx_app.c:557:6:EEPROM_Write	12	static
tx_app.c:824:6:P2P_Radio_Init	72	static
tx_app.c:850:6:LoRaWAN_Mode_Init	16	static
tx_app.c:1216:6:rx_bytes	64	static
tx_app.c:868:10:fillBufferAutoTx	16	static
tx_app.c:895:10:fillBufferManualTx	8	static
tx_app.c:923:6:LED_TX	40	static
tx_app.c:705:13:OnTxTimerLedEvent	16	static
tx_app.c:585:6:LED_Blink	16	static
tx_app.c:618:6:App_Send	80	static
tx_app.c:657:13:OnTimer	56	static
tx_app.c:796:13:OnBtnTimeoutTimer	16	static
tx_app.c:1166:6:OnDelayResetCnt	8	static
tx_app.c:1047:6:EXTI_Init	56	static,ignoring_inline_asm
tx_app.c:349:6:TxAppInit	104	static
