tx_app.c:836:13:OnP2PRxDone	8	static
tx_app.c:854:13:OnP2PRxTimeout	8	static
tx_app.c:862:13:OnP2PRxError	8	static
tx_app.c:930:13:OnTxData	0	static
tx_app.c:937:13:OnJoinRequest	0	static
tx_app.c:845:13:OnP2PTxTimeout	8	static
tx_app.c:776:6:ReadInput4	8	static
tx_app.c:870:13:OnRxData	24	static
tx_app.c:944:13:OnMacProcessNotify	8	static
tx_app.c:821:13:OnP2PTxDone	24	static
tx_app.c:920:13:SendTxData	16	static
tx_app.c:189:6:printValor	16	static
tx_app.c:373:6:EEPROM_Write	12	static
tx_app.c:572:6:P2P_Radio_Init	72	static
tx_app.c:598:6:LoRaWAN_Mode_Init	16	static
tx_app.c:951:6:rx_bytes	64	static
tx_app.c:616:10:fillBufferAutoTx	8	static
tx_app.c:648:10:fillBufferManualTx	16	static
tx_app.c:668:6:LED_TX	40	static
tx_app.c:468:13:OnTxTimerLedEvent	16	static
tx_app.c:401:6:LED_Blink	16	static
tx_app.c:427:6:App_Send	80	static
tx_app.c:451:13:OnTimer	8	static
tx_app.c:555:13:OnBtnTimeoutTimer	8	static
tx_app.c:913:6:OnDelayResetCnt	8	static
tx_app.c:792:6:EXTI_Init	32	static,ignoring_inline_asm
tx_app.c:222:6:TxAppInit	112	static
